[0.000000] (-) TimerEvent: {}
[0.007828] (minmax_finder) JobQueued: {'identifier': 'minmax_finder', 'dependencies': OrderedDict()}
[0.008166] (minmax_finder) JobStarted: {'identifier': 'minmax_finder'}
[0.098836] (-) TimerEvent: {}
[0.151454] (minmax_finder) JobProgress: {'identifier': 'minmax_finder', 'progress': 'cmake'}
[0.156926] (minmax_finder) Command: {'cmd': ['/usr/bin/cmake', '/home/mate/ros2_wkp/src/mypack', '-DCMAKE_INSTALL_PREFIX=/home/mate/ros2_wkp/install/minmax_finder'], 'cwd': '/home/mate/ros2_wkp/build/minmax_finder', 'env': OrderedDict([('LESSOPEN', '| /usr/bin/lesspipe %s'), ('USER', 'mate'), ('SHLVL', '1'), ('LIBGL_ALWAYS_SOFTWARE', '1'), ('LD_LIBRARY_PATH', '/home/mate/ros2_ws/install/pid_library/lib:/home/mate/ros2_ws/install/arj_simple_perception/lib:/opt/ros/humble/opt/rviz_ogre_vendor/lib:/opt/ros/humble/lib/x86_64-linux-gnu:/opt/ros/humble/lib'), ('WT_PROFILE_ID', '{4ff56d04-d9cf-57ea-bae2-ad396374e7e3}'), ('HOME', '/home/mate'), ('OLDPWD', '/home/mate'), ('ROS_PYTHON_VERSION', '3'), ('DBUS_SESSION_BUS_ADDRESS', 'unix:path=/run/user/1000/bus'), ('WSL_DISTRO_NAME', 'Ubuntu-22.04'), ('_colcon_cd_root', '/opt/ros/humble/'), ('WAYLAND_DISPLAY', 'wayland-0'), ('COLCON_PREFIX_PATH', '/home/mate/ros2_wkp/install:/home/mate/ros2_ws/install'), ('ROS_DISTRO', 'humble'), ('LOGNAME', 'mate'), ('NAME', 'DESKTOP-ENPEBF7'), ('WSL_INTEROP', '/run/WSL/6424_interop'), ('PULSE_SERVER', 'unix:/mnt/wslg/PulseServer'), ('_', '/usr/bin/colcon'), ('ROS_VERSION', '2'), ('TERM', 'xterm-256color'), ('ROS_LOCALHOST_ONLY', '1'), ('PATH', '/home/mate/ros2_ws/install/arj_simple_perception/bin:/opt/ros/humble/bin:/usr/local/sbin:/usr/local/bin:/usr/sbin:/usr/bin:/sbin:/bin:/usr/games:/usr/local/games:/usr/lib/wsl/lib:/mnt/c/WINDOWS/system32:/mnt/c/WINDOWS:/mnt/c/WINDOWS/System32/Wbem:/mnt/c/WINDOWS/System32/WindowsPowerShell/v1.0/:/mnt/c/WINDOWS/System32/OpenSSH/:/mnt/c/WINDOWS/system32:/mnt/c/WINDOWS:/mnt/c/WINDOWS/System32/Wbem:/mnt/c/WINDOWS/System32/WindowsPowerShell/v1.0/:/mnt/c/WINDOWS/System32/OpenSSH/:/mnt/c/Program Files (x86)/Microsoft SQL Server/160/DTS/Binn/:/mnt/c/Program Files (x86)/Microsoft SQL Server/160/Tools/Binn/:/mnt/c/Program Files/Microsoft SQL Server/160/Tools/Binn/:/mnt/c/Program Files/Microsoft SQL Server/Client SDK/ODBC/170/Tools/Binn/:/mnt/c/Program Files/Microsoft SQL Server/160/DTS/Binn/:/mnt/c/Program Files/dotnet/:/mnt/c/Program Files (x86)/Windows Kits/10/Windows Performance Toolkit/:/mnt/c/Users/Máté/AppData/Local/Microsoft/WindowsApps:/mnt/c/Users/Máté/.dotnet/tools:/mnt/c/Users/Máté/AppData/Local/Programs/Microsoft VS Code/bin:/snap/bin'), ('WT_SESSION', 'dcb515a5-5fb9-4da0-aa4d-24dea38b235a'), ('XDG_RUNTIME_DIR', '/run/user/1000/'), ('DISPLAY', ':0'), ('LANG', 'en_US.UTF-8'), ('LS_COLORS', 'rs=0:di=01;34:ln=01;36:mh=00:pi=40;33:so=01;35:do=01;35:bd=40;33;01:cd=40;33;01:or=40;31;01:mi=00:su=37;41:sg=30;43:ca=30;41:tw=30;42:ow=34;42:st=37;44:ex=01;32:*.tar=01;31:*.tgz=01;31:*.arc=01;31:*.arj=01;31:*.taz=01;31:*.lha=01;31:*.lz4=01;31:*.lzh=01;31:*.lzma=01;31:*.tlz=01;31:*.txz=01;31:*.tzo=01;31:*.t7z=01;31:*.zip=01;31:*.z=01;31:*.dz=01;31:*.gz=01;31:*.lrz=01;31:*.lz=01;31:*.lzo=01;31:*.xz=01;31:*.zst=01;31:*.tzst=01;31:*.bz2=01;31:*.bz=01;31:*.tbz=01;31:*.tbz2=01;31:*.tz=01;31:*.deb=01;31:*.rpm=01;31:*.jar=01;31:*.war=01;31:*.ear=01;31:*.sar=01;31:*.rar=01;31:*.alz=01;31:*.ace=01;31:*.zoo=01;31:*.cpio=01;31:*.7z=01;31:*.rz=01;31:*.cab=01;31:*.wim=01;31:*.swm=01;31:*.dwm=01;31:*.esd=01;31:*.jpg=01;35:*.jpeg=01;35:*.mjpg=01;35:*.mjpeg=01;35:*.gif=01;35:*.bmp=01;35:*.pbm=01;35:*.pgm=01;35:*.ppm=01;35:*.tga=01;35:*.xbm=01;35:*.xpm=01;35:*.tif=01;35:*.tiff=01;35:*.png=01;35:*.svg=01;35:*.svgz=01;35:*.mng=01;35:*.pcx=01;35:*.mov=01;35:*.mpg=01;35:*.mpeg=01;35:*.m2v=01;35:*.mkv=01;35:*.webm=01;35:*.webp=01;35:*.ogm=01;35:*.mp4=01;35:*.m4v=01;35:*.mp4v=01;35:*.vob=01;35:*.qt=01;35:*.nuv=01;35:*.wmv=01;35:*.asf=01;35:*.rm=01;35:*.rmvb=01;35:*.flc=01;35:*.avi=01;35:*.fli=01;35:*.flv=01;35:*.gl=01;35:*.dl=01;35:*.xcf=01;35:*.xwd=01;35:*.yuv=01;35:*.cgm=01;35:*.emf=01;35:*.ogv=01;35:*.ogx=01;35:*.aac=00;36:*.au=00;36:*.flac=00;36:*.m4a=00;36:*.mid=00;36:*.midi=00;36:*.mka=00;36:*.mp3=00;36:*.mpc=00;36:*.ogg=00;36:*.ra=00;36:*.wav=00;36:*.oga=00;36:*.opus=00;36:*.spx=00;36:*.xspf=00;36:'), ('ROS_DOMAIN_ID', '59'), ('AMENT_PREFIX_PATH', '/home/mate/ros2_ws/install/sim_wayp_plan_tools:/home/mate/ros2_ws/install/wayp_plan_tools:/home/mate/ros2_ws/install/use_library:/home/mate/ros2_ws/install/ung_isl_ajr_data_generation_and_control:/home/mate/ros2_ws/install/temp_sens:/home/mate/ros2_ws/install/sze_sw1_szinusz:/home/mate/ros2_ws/install/speed_control_loop:/home/mate/ros2_ws/install/robotverseny_bringup:/home/mate/ros2_ws/install/robotverseny_gazebo:/home/mate/ros2_ws/install/robotverseny_description:/home/mate/ros2_ws/install/robotverseny_application:/home/mate/ros2_ws/install/pid_library:/home/mate/ros2_ws/install/my_package:/home/mate/ros2_ws/install/megoldas_sim24:/home/mate/ros2_ws/install/example_system:/home/mate/ros2_ws/install/array_sorter:/home/mate/ros2_ws/install/arj_transforms_py:/home/mate/ros2_ws/install/arj_transforms_cpp:/home/mate/ros2_ws/install/arj_simple_perception:/home/mate/ros2_ws/install/arj_local_planner:/home/mate/ros2_ws/install/arj_intro_py:/home/mate/ros2_ws/install/arj_intro_cpp:/home/mate/ros2_wkp/install/mypack:/opt/ros/humble'), ('SHELL', '/bin/bash'), ('IGN_GAZEBO_SYSTEM_PLUGIN_PATH', '/home/mate/ros2_ws/install/robotverseny_gazebo/lib/robotverseny_gazebo/'), ('LESSCLOSE', '/usr/bin/lesspipe %s %s'), ('IGN_GAZEBO_RESOURCE_PATH', '/home/mate/ros2_ws/install/robotverseny_gazebo/share/robotverseny_gazebo/worlds:/home/mate/ros2_ws/install/robotverseny_description/share'), ('PWD', '/home/mate/ros2_wkp/build/minmax_finder'), ('RCUTILS_COLORIZED_OUTPUT', '1'), ('XDG_DATA_DIRS', '/usr/local/share:/usr/share:/var/lib/snapd/desktop'), ('PYTHONPATH', '/home/mate/ros2_ws/build/megoldas_sim24:/home/mate/ros2_ws/install/megoldas_sim24/lib/python3.10/site-packages:/home/mate/ros2_ws/build/arj_transforms_py:/home/mate/ros2_ws/install/arj_transforms_py/lib/python3.10/site-packages:/home/mate/ros2_ws/build/arj_intro_py:/home/mate/ros2_ws/install/arj_intro_py/lib/python3.10/site-packages:/opt/ros/humble/lib/python3.10/site-packages:/opt/ros/humble/local/lib/python3.10/dist-packages'), ('COLCON', '1'), ('WSL2_GUI_APPS_ENABLED', '1'), ('HOSTTYPE', 'x86_64'), ('CMAKE_PREFIX_PATH', '/home/mate/ros2_ws/install/sim_wayp_plan_tools:/home/mate/ros2_ws/install/wayp_plan_tools:/home/mate/ros2_ws/install/use_library:/home/mate/ros2_ws/install/ung_isl_ajr_data_generation_and_control:/home/mate/ros2_ws/install/temp_sens:/home/mate/ros2_ws/install/sze_sw1_szinusz:/home/mate/ros2_ws/install/speed_control_loop:/home/mate/ros2_ws/install/robotverseny_bringup:/home/mate/ros2_ws/install/robotverseny_gazebo:/home/mate/ros2_ws/install/robotverseny_description:/home/mate/ros2_ws/install/robotverseny_application:/home/mate/ros2_ws/install/pid_library:/home/mate/ros2_ws/install/my_package:/home/mate/ros2_ws/install/example_system:/home/mate/ros2_ws/install/array_sorter:/home/mate/ros2_ws/install/arj_transforms_cpp:/home/mate/ros2_ws/install/arj_simple_perception:/home/mate/ros2_ws/install/arj_local_planner:/home/mate/ros2_ws/install/arj_intro_cpp:/home/mate/ros2_wkp/install/mypack'), ('WSLENV', 'WT_SESSION:WT_PROFILE_ID:')]), 'shell': False}
[0.199603] (-) TimerEvent: {}
[0.300310] (-) TimerEvent: {}
[0.407202] (-) TimerEvent: {}
[0.508007] (-) TimerEvent: {}
[0.610958] (-) TimerEvent: {}
[0.715724] (-) TimerEvent: {}
[0.816810] (-) TimerEvent: {}
[0.926853] (-) TimerEvent: {}
[1.033985] (-) TimerEvent: {}
[1.135288] (-) TimerEvent: {}
[1.237361] (-) TimerEvent: {}
[1.344460] (-) TimerEvent: {}
[1.427265] (minmax_finder) StdoutLine: {'line': b'-- Found ament_cmake: 1.3.12 (/opt/ros/humble/share/ament_cmake/cmake)\n'}
[1.446691] (-) TimerEvent: {}
[1.547618] (-) TimerEvent: {}
[1.656105] (-) TimerEvent: {}
[1.757179] (-) TimerEvent: {}
[1.857935] (-) TimerEvent: {}
[1.958979] (-) TimerEvent: {}
[2.064273] (-) TimerEvent: {}
[2.171132] (-) TimerEvent: {}
[2.272452] (-) TimerEvent: {}
[2.416845] (-) TimerEvent: {}
[2.517956] (-) TimerEvent: {}
[2.618940] (-) TimerEvent: {}
[2.720059] (-) TimerEvent: {}
[2.821320] (-) TimerEvent: {}
[2.924601] (-) TimerEvent: {}
[3.027210] (-) TimerEvent: {}
[3.135743] (-) TimerEvent: {}
[3.236412] (-) TimerEvent: {}
[3.337145] (-) TimerEvent: {}
[3.443496] (-) TimerEvent: {}
[3.522906] (minmax_finder) StdoutLine: {'line': b'-- Found rclcpp: 16.0.15 (/opt/ros/humble/share/rclcpp/cmake)\n'}
[3.544056] (-) TimerEvent: {}
[3.644847] (-) TimerEvent: {}
[3.746067] (-) TimerEvent: {}
[3.846960] (-) TimerEvent: {}
[3.947747] (-) TimerEvent: {}
[4.048812] (-) TimerEvent: {}
[4.149710] (-) TimerEvent: {}
[4.250823] (-) TimerEvent: {}
[4.270425] (minmax_finder) StdoutLine: {'line': b'-- Found rosidl_generator_c: 3.1.7 (/opt/ros/humble/share/rosidl_generator_c/cmake)\n'}
[4.294067] (minmax_finder) StdoutLine: {'line': b'-- Found rosidl_adapter: 3.1.7 (/opt/ros/humble/share/rosidl_adapter/cmake)\n'}
[4.337740] (minmax_finder) StdoutLine: {'line': b'-- Found rosidl_generator_cpp: 3.1.7 (/opt/ros/humble/share/rosidl_generator_cpp/cmake)\n'}
[4.351458] (-) TimerEvent: {}
[4.404880] (minmax_finder) StdoutLine: {'line': b'-- Using all available rosidl_typesupport_c: rosidl_typesupport_fastrtps_c;rosidl_typesupport_introspection_c\n'}
[4.451684] (-) TimerEvent: {}
[4.478678] (minmax_finder) StdoutLine: {'line': b'-- Using all available rosidl_typesupport_cpp: rosidl_typesupport_fastrtps_cpp;rosidl_typesupport_introspection_cpp\n'}
[4.552017] (-) TimerEvent: {}
[4.652776] (-) TimerEvent: {}
[4.753623] (-) TimerEvent: {}
[4.821574] (minmax_finder) StdoutLine: {'line': b'-- Found rmw_implementation_cmake: 6.1.2 (/opt/ros/humble/share/rmw_implementation_cmake/cmake)\n'}
[4.836733] (minmax_finder) StdoutLine: {'line': b'-- Found rmw_fastrtps_cpp: 6.2.8 (/opt/ros/humble/share/rmw_fastrtps_cpp/cmake)\n'}
[4.854614] (-) TimerEvent: {}
[4.955658] (-) TimerEvent: {}
[5.056384] (-) TimerEvent: {}
[5.157299] (-) TimerEvent: {}
[5.258635] (-) TimerEvent: {}
[5.359451] (-) TimerEvent: {}
[5.460445] (-) TimerEvent: {}
[5.562233] (-) TimerEvent: {}
[5.663523] (-) TimerEvent: {}
[5.764937] (-) TimerEvent: {}
[5.865868] (-) TimerEvent: {}
[5.967006] (-) TimerEvent: {}
[6.068258] (-) TimerEvent: {}
[6.170523] (-) TimerEvent: {}
[6.311823] (-) TimerEvent: {}
[6.412593] (-) TimerEvent: {}
[6.513453] (-) TimerEvent: {}
[6.615478] (-) TimerEvent: {}
[6.719016] (-) TimerEvent: {}
[6.827903] (-) TimerEvent: {}
[6.945356] (-) TimerEvent: {}
[7.046359] (-) TimerEvent: {}
[7.147194] (-) TimerEvent: {}
[7.247845] (-) TimerEvent: {}
[7.349221] (-) TimerEvent: {}
[7.450129] (-) TimerEvent: {}
[7.550979] (-) TimerEvent: {}
[7.651730] (-) TimerEvent: {}
[7.752493] (-) TimerEvent: {}
[7.853396] (-) TimerEvent: {}
[7.954479] (-) TimerEvent: {}
[8.055295] (-) TimerEvent: {}
[8.156103] (-) TimerEvent: {}
[8.256960] (-) TimerEvent: {}
[8.358455] (-) TimerEvent: {}
[8.459343] (-) TimerEvent: {}
[8.560212] (-) TimerEvent: {}
[8.661324] (-) TimerEvent: {}
[8.762478] (-) TimerEvent: {}
[8.863084] (-) TimerEvent: {}
[8.963682] (-) TimerEvent: {}
[9.068163] (-) TimerEvent: {}
[9.176898] (-) TimerEvent: {}
[9.277719] (-) TimerEvent: {}
[9.386271] (-) TimerEvent: {}
[9.499052] (-) TimerEvent: {}
[9.600090] (-) TimerEvent: {}
[9.701022] (-) TimerEvent: {}
[9.801924] (-) TimerEvent: {}
[9.903367] (-) TimerEvent: {}
[10.004203] (-) TimerEvent: {}
[10.105098] (-) TimerEvent: {}
[10.211313] (-) TimerEvent: {}
[10.312037] (-) TimerEvent: {}
[10.412934] (-) TimerEvent: {}
[10.514930] (-) TimerEvent: {}
[10.617867] (-) TimerEvent: {}
[10.718908] (-) TimerEvent: {}
[10.819693] (-) TimerEvent: {}
[10.920521] (-) TimerEvent: {}
[11.021519] (-) TimerEvent: {}
[11.123048] (-) TimerEvent: {}
[11.223884] (-) TimerEvent: {}
[11.325038] (-) TimerEvent: {}
[11.426470] (-) TimerEvent: {}
[11.527283] (-) TimerEvent: {}
[11.628716] (-) TimerEvent: {}
[11.730795] (-) TimerEvent: {}
[11.831387] (-) TimerEvent: {}
[11.932143] (-) TimerEvent: {}
[12.032947] (-) TimerEvent: {}
[12.134188] (-) TimerEvent: {}
[12.234929] (-) TimerEvent: {}
[12.335706] (-) TimerEvent: {}
[12.436575] (-) TimerEvent: {}
[12.541329] (-) TimerEvent: {}
[12.642344] (-) TimerEvent: {}
[12.743010] (-) TimerEvent: {}
[12.843807] (-) TimerEvent: {}
[12.944659] (-) TimerEvent: {}
[13.045564] (-) TimerEvent: {}
[13.149381] (-) TimerEvent: {}
[13.251911] (-) TimerEvent: {}
[13.353165] (-) TimerEvent: {}
[13.454572] (-) TimerEvent: {}
[13.555815] (-) TimerEvent: {}
[13.657992] (-) TimerEvent: {}
[13.758900] (-) TimerEvent: {}
[13.859693] (-) TimerEvent: {}
[13.960467] (-) TimerEvent: {}
[14.061508] (-) TimerEvent: {}
[14.162602] (-) TimerEvent: {}
[14.263360] (-) TimerEvent: {}
[14.364096] (-) TimerEvent: {}
[14.464943] (-) TimerEvent: {}
[14.565907] (-) TimerEvent: {}
[14.666925] (-) TimerEvent: {}
[14.767625] (-) TimerEvent: {}
[14.868485] (-) TimerEvent: {}
[14.969362] (-) TimerEvent: {}
[15.071633] (-) TimerEvent: {}
[15.172715] (-) TimerEvent: {}
[15.273679] (-) TimerEvent: {}
[15.374695] (-) TimerEvent: {}
[15.475455] (-) TimerEvent: {}
[15.576226] (-) TimerEvent: {}
[15.677165] (-) TimerEvent: {}
[15.778129] (-) TimerEvent: {}
[15.878941] (-) TimerEvent: {}
[15.979821] (-) TimerEvent: {}
[16.080600] (-) TimerEvent: {}
[16.181474] (-) TimerEvent: {}
[16.282605] (-) TimerEvent: {}
[16.383248] (-) TimerEvent: {}
[16.483896] (-) TimerEvent: {}
[16.584839] (-) TimerEvent: {}
[16.685805] (-) TimerEvent: {}
[16.786942] (-) TimerEvent: {}
[16.887643] (-) TimerEvent: {}
[16.988907] (-) TimerEvent: {}
[17.089784] (-) TimerEvent: {}
[17.191309] (-) TimerEvent: {}
[17.291903] (-) TimerEvent: {}
[17.392710] (-) TimerEvent: {}
[17.494070] (-) TimerEvent: {}
[17.595329] (-) TimerEvent: {}
[17.697163] (-) TimerEvent: {}
[17.801134] (-) TimerEvent: {}
[17.902152] (-) TimerEvent: {}
[18.003330] (-) TimerEvent: {}
[18.104536] (-) TimerEvent: {}
[18.208503] (-) TimerEvent: {}
[18.309362] (-) TimerEvent: {}
[18.540173] (-) TimerEvent: {}
[18.650763] (-) TimerEvent: {}
[18.751739] (-) TimerEvent: {}
[18.852610] (-) TimerEvent: {}
[18.953495] (-) TimerEvent: {}
[19.054488] (-) TimerEvent: {}
[19.155278] (-) TimerEvent: {}
[19.256171] (-) TimerEvent: {}
[19.357007] (-) TimerEvent: {}
[19.457883] (-) TimerEvent: {}
[19.558768] (-) TimerEvent: {}
[19.659363] (-) TimerEvent: {}
[19.760170] (-) TimerEvent: {}
[19.861128] (-) TimerEvent: {}
[19.962093] (-) TimerEvent: {}
[20.062984] (-) TimerEvent: {}
[20.163776] (-) TimerEvent: {}
[20.264545] (-) TimerEvent: {}
[20.365566] (-) TimerEvent: {}
[20.466497] (-) TimerEvent: {}
[20.568141] (-) TimerEvent: {}
[20.670847] (-) TimerEvent: {}
[20.771427] (-) TimerEvent: {}
[20.872210] (-) TimerEvent: {}
[20.973115] (-) TimerEvent: {}
[21.074068] (-) TimerEvent: {}
[21.174967] (-) TimerEvent: {}
[21.275699] (-) TimerEvent: {}
[21.376434] (-) TimerEvent: {}
[21.477306] (-) TimerEvent: {}
[21.578155] (-) TimerEvent: {}
[21.678982] (-) TimerEvent: {}
[21.779632] (-) TimerEvent: {}
[21.852907] (minmax_finder) StdoutLine: {'line': b"-- Using RMW implementation 'rmw_fastrtps_cpp' as default\n"}
[21.879948] (-) TimerEvent: {}
[21.982709] (-) TimerEvent: {}
[22.083378] (-) TimerEvent: {}
[22.184296] (-) TimerEvent: {}
[22.294714] (-) TimerEvent: {}
[22.395705] (-) TimerEvent: {}
[22.496410] (-) TimerEvent: {}
[22.598499] (-) TimerEvent: {}
[22.699460] (-) TimerEvent: {}
[22.737840] (minmax_finder) StderrLine: {'line': b"Error parsing '/home/mate/ros2_wkp/src/mypack/package.xml':\n"}
[22.800176] (-) TimerEvent: {}
[22.901367] (-) TimerEvent: {}
[23.002920] (-) TimerEvent: {}
[23.103911] (-) TimerEvent: {}
[23.204702] (-) TimerEvent: {}
[23.285736] (minmax_finder) StderrLine: {'line': b'Traceback (most recent call last):\n'}
[23.286267] (minmax_finder) StderrLine: {'line': b'  File "/usr/lib/python3/dist-packages/catkin_pkg/package.py", line 610, in parse_package_string\n'}
[23.287336] (minmax_finder) StderrLine: {'line': b'    root = dom.parseString(data)\n'}
[23.287644] (minmax_finder) StderrLine: {'line': b'  File "/usr/lib/python3.10/xml/dom/minidom.py", line 2000, in parseString\n'}
[23.292395] (minmax_finder) StderrLine: {'line': b'    return expatbuilder.parseString(string)\n'}
[23.292728] (minmax_finder) StderrLine: {'line': b'  File "/usr/lib/python3.10/xml/dom/expatbuilder.py", line 925, in parseString\n'}
[23.295602] (minmax_finder) StderrLine: {'line': b'    return builder.parseString(string)\n'}
[23.295961] (minmax_finder) StderrLine: {'line': b'  File "/usr/lib/python3.10/xml/dom/expatbuilder.py", line 223, in parseString\n'}
[23.296112] (minmax_finder) StderrLine: {'line': b'    parser.Parse(string, True)\n'}
[23.296252] (minmax_finder) StderrLine: {'line': b'xml.parsers.expat.ExpatError: not well-formed (invalid token): line 1, column 22\n'}
[23.296390] (minmax_finder) StderrLine: {'line': b'\n'}
[23.296547] (minmax_finder) StderrLine: {'line': b'During handling of the above exception, another exception occurred:\n'}
[23.296720] (minmax_finder) StderrLine: {'line': b'\n'}
[23.296898] (minmax_finder) StderrLine: {'line': b'Traceback (most recent call last):\n'}
[23.297065] (minmax_finder) StderrLine: {'line': b'  File "/opt/ros/humble/share/ament_cmake_core/cmake/core/package_xml_2_cmake.py", line 150, in <module>\n'}
[23.303605] (minmax_finder) StderrLine: {'line': b'    main()\n'}
[23.303904] (minmax_finder) StderrLine: {'line': b'  File "/opt/ros/humble/share/ament_cmake_core/cmake/core/package_xml_2_cmake.py", line 53, in main\n'}
[23.304052] (minmax_finder) StderrLine: {'line': b'    raise e\n'}
[23.304181] (minmax_finder) StderrLine: {'line': b'  File "/opt/ros/humble/share/ament_cmake_core/cmake/core/package_xml_2_cmake.py", line 49, in main\n'}
[23.304315] (minmax_finder) StderrLine: {'line': b'    package = parse_package_string(\n'}
[23.304441] (minmax_finder) StderrLine: {'line': b'  File "/usr/lib/python3/dist-packages/catkin_pkg/package.py", line 612, in parse_package_string\n'}
[23.304570] (minmax_finder) StderrLine: {'line': b"    raise InvalidPackage('The manifest contains invalid XML:\\n%s' % ex, filename)\n"}
[23.304696] (-) TimerEvent: {}
[23.304933] (minmax_finder) StderrLine: {'line': b"catkin_pkg.package.InvalidPackage: Error(s) in package '/home/mate/ros2_wkp/src/mypack/package.xml':\n"}
[23.305110] (minmax_finder) StderrLine: {'line': b'The manifest contains invalid XML:\n'}
[23.305254] (minmax_finder) StderrLine: {'line': b'not well-formed (invalid token): line 1, column 22\n'}
[23.405575] (-) TimerEvent: {}
[23.446510] (minmax_finder) StderrLine: {'line': b'\x1b[31mCMake Error at /opt/ros/humble/share/ament_cmake_core/cmake/core/ament_package_xml.cmake:95 (message):\n'}
[23.446912] (minmax_finder) StderrLine: {'line': b'  execute_process(/usr/bin/python3\n'}
[23.447062] (minmax_finder) StderrLine: {'line': b'  /opt/ros/humble/share/ament_cmake_core/cmake/core/package_xml_2_cmake.py\n'}
[23.447462] (minmax_finder) StderrLine: {'line': b'  /home/mate/ros2_wkp/src/mypack/package.xml\n'}
[23.447671] (minmax_finder) StderrLine: {'line': b'  /home/mate/ros2_wkp/build/minmax_finder/ament_cmake_core/package.cmake)\n'}
[23.447837] (minmax_finder) StderrLine: {'line': b'  returned error code 1\n'}
[23.447958] (minmax_finder) StderrLine: {'line': b'Call Stack (most recent call first):\n'}
[23.448089] (minmax_finder) StderrLine: {'line': b'  /opt/ros/humble/share/ament_cmake_core/cmake/core/ament_package_xml.cmake:49 (_ament_package_xml)\n'}
[23.448223] (minmax_finder) StderrLine: {'line': b'  /opt/ros/humble/share/ament_cmake_core/cmake/core/ament_package.cmake:63 (ament_package_xml)\n'}
[23.448364] (minmax_finder) StderrLine: {'line': b'  CMakeLists.txt:19 (ament_package)\n'}
[23.448498] (minmax_finder) StderrLine: {'line': b'\n'}
[23.448638] (minmax_finder) StderrLine: {'line': b'\x1b[0m\n'}
[23.448769] (minmax_finder) StdoutLine: {'line': b'-- Configuring incomplete, errors occurred!\n'}
[23.448926] (minmax_finder) StdoutLine: {'line': b'See also "/home/mate/ros2_wkp/build/minmax_finder/CMakeFiles/CMakeOutput.log".\n'}
[23.506248] (-) TimerEvent: {}
[23.547648] (minmax_finder) CommandEnded: {'returncode': 1}
[23.554969] (minmax_finder) JobEnded: {'identifier': 'minmax_finder', 'rc': 1}
[23.568171] (-) EventReactorShutdown: {}
