[0.176s] Invoking command in '/home/mate/ros2_wkp/build/minmax_finder': /usr/bin/cmake /home/mate/ros2_wkp/src/mypack -DCMAKE_INSTALL_PREFIX=/home/mate/ros2_wkp/install/minmax_finder
[1.421s] -- Found ament_cmake: 1.3.12 (/opt/ros/humble/share/ament_cmake/cmake)
[3.515s] -- Found rclcpp: 16.0.15 (/opt/ros/humble/share/rclcpp/cmake)
[4.263s] -- Found rosidl_generator_c: 3.1.7 (/opt/ros/humble/share/rosidl_generator_c/cmake)
[4.286s] -- Found rosidl_adapter: 3.1.7 (/opt/ros/humble/share/rosidl_adapter/cmake)
[4.330s] -- Found rosidl_generator_cpp: 3.1.7 (/opt/ros/humble/share/rosidl_generator_cpp/cmake)
[4.397s] -- Using all available rosidl_typesupport_c: rosidl_typesupport_fastrtps_c;rosidl_typesupport_introspection_c
[4.471s] -- Using all available rosidl_typesupport_cpp: rosidl_typesupport_fastrtps_cpp;rosidl_typesupport_introspection_cpp
[4.814s] -- Found rmw_implementation_cmake: 6.1.2 (/opt/ros/humble/share/rmw_implementation_cmake/cmake)
[4.829s] -- Found rmw_fastrtps_cpp: 6.2.8 (/opt/ros/humble/share/rmw_fastrtps_cpp/cmake)
[21.845s] -- Using RMW implementation 'rmw_fastrtps_cpp' as default
[22.730s] Error parsing '/home/mate/ros2_wkp/src/mypack/package.xml':
[23.278s] Traceback (most recent call last):
[23.278s]   File "/usr/lib/python3/dist-packages/catkin_pkg/package.py", line 610, in parse_package_string
[23.279s]     root = dom.parseString(data)
[23.280s]   File "/usr/lib/python3.10/xml/dom/minidom.py", line 2000, in parseString
[23.284s]     return expatbuilder.parseString(string)
[23.285s]   File "/usr/lib/python3.10/xml/dom/expatbuilder.py", line 925, in parseString
[23.288s]     return builder.parseString(string)
[23.288s]   File "/usr/lib/python3.10/xml/dom/expatbuilder.py", line 223, in parseString
[23.288s]     parser.Parse(string, True)
[23.288s] xml.parsers.expat.ExpatError: not well-formed (invalid token): line 1, column 22
[23.288s] 
[23.288s] During handling of the above exception, another exception occurred:
[23.289s] 
[23.289s] Traceback (most recent call last):
[23.289s]   File "/opt/ros/humble/share/ament_cmake_core/cmake/core/package_xml_2_cmake.py", line 150, in <module>
[23.296s]     main()
[23.296s]   File "/opt/ros/humble/share/ament_cmake_core/cmake/core/package_xml_2_cmake.py", line 53, in main
[23.296s]     raise e
[23.296s]   File "/opt/ros/humble/share/ament_cmake_core/cmake/core/package_xml_2_cmake.py", line 49, in main
[23.296s]     package = parse_package_string(
[23.296s]   File "/usr/lib/python3/dist-packages/catkin_pkg/package.py", line 612, in parse_package_string
[23.296s]     raise InvalidPackage('The manifest contains invalid XML:\n%s' % ex, filename)
[23.297s] catkin_pkg.package.InvalidPackage: Error(s) in package '/home/mate/ros2_wkp/src/mypack/package.xml':
[23.297s] The manifest contains invalid XML:
[23.297s] not well-formed (invalid token): line 1, column 22
[23.439s] [31mCMake Error at /opt/ros/humble/share/ament_cmake_core/cmake/core/ament_package_xml.cmake:95 (message):
[23.439s]   execute_process(/usr/bin/python3
[23.439s]   /opt/ros/humble/share/ament_cmake_core/cmake/core/package_xml_2_cmake.py
[23.439s]   /home/mate/ros2_wkp/src/mypack/package.xml
[23.440s]   /home/mate/ros2_wkp/build/minmax_finder/ament_cmake_core/package.cmake)
[23.440s]   returned error code 1
[23.440s] Call Stack (most recent call first):
[23.440s]   /opt/ros/humble/share/ament_cmake_core/cmake/core/ament_package_xml.cmake:49 (_ament_package_xml)
[23.440s]   /opt/ros/humble/share/ament_cmake_core/cmake/core/ament_package.cmake:63 (ament_package_xml)
[23.440s]   CMakeLists.txt:19 (ament_package)
[23.440s] 
[23.441s] [0m
[23.441s] -- Configuring incomplete, errors occurred!
[23.441s] See also "/home/mate/ros2_wkp/build/minmax_finder/CMakeFiles/CMakeOutput.log".
[23.541s] Invoked command in '/home/mate/ros2_wkp/build/minmax_finder' returned '1': /usr/bin/cmake /home/mate/ros2_wkp/src/mypack -DCMAKE_INSTALL_PREFIX=/home/mate/ros2_wkp/install/minmax_finder
