[0.385s] Invoking command in '/home/mate/ros2_wkp/build/minmax_finder': /usr/bin/cmake /home/mate/ros2_wkp/src/mypack -DCMAKE_INSTALL_PREFIX=/home/mate/ros2_wkp/install/minmax_finder
[13.633s] -- The C compiler identification is GNU 11.4.0
[20.016s] -- The CXX compiler identification is GNU 11.4.0
[21.531s] -- Detecting C compiler ABI info
[26.127s] -- Detecting C compiler ABI info - done
[26.146s] -- Check for working C compiler: /usr/bin/cc - skipped
[26.149s] -- Detecting C compile features
[26.159s] -- Detecting C compile features - done
[26.170s] -- Detecting CXX compiler ABI info
[30.525s] -- Detecting CXX compiler ABI info - done
[30.631s] -- Check for working CXX compiler: /usr/bin/c++ - skipped
[30.631s] -- Detecting CXX compile features
[30.637s] -- Detecting CXX compile features - done
[32.020s] -- Found ament_cmake: 1.3.12 (/opt/ros/humble/share/ament_cmake/cmake)
[33.194s] -- Found Python3: /usr/bin/python3 (found version "3.10.12") found components: Interpreter 
[35.094s] -- Found rclcpp: 16.0.15 (/opt/ros/humble/share/rclcpp/cmake)
[36.700s] -- Found rosidl_generator_c: 3.1.7 (/opt/ros/humble/share/rosidl_generator_c/cmake)
[36.886s] -- Found rosidl_adapter: 3.1.7 (/opt/ros/humble/share/rosidl_adapter/cmake)
[37.109s] -- Found rosidl_generator_cpp: 3.1.7 (/opt/ros/humble/share/rosidl_generator_cpp/cmake)
[37.382s] -- Using all available rosidl_typesupport_c: rosidl_typesupport_fastrtps_c;rosidl_typesupport_introspection_c
[37.727s] -- Using all available rosidl_typesupport_cpp: rosidl_typesupport_fastrtps_cpp;rosidl_typesupport_introspection_cpp
[38.678s] -- Found rmw_implementation_cmake: 6.1.2 (/opt/ros/humble/share/rmw_implementation_cmake/cmake)
[38.713s] -- Found rmw_fastrtps_cpp: 6.2.8 (/opt/ros/humble/share/rmw_fastrtps_cpp/cmake)
[47.064s] -- Found OpenSSL: /usr/lib/x86_64-linux-gnu/libcrypto.so (found version "3.0.2")  
[54.100s] -- Found FastRTPS: /opt/ros/humble/include  
[64.567s] -- Using RMW implementation 'rmw_fastrtps_cpp' as default
[64.710s] -- Looking for pthread.h
[75.372s] -- Looking for pthread.h - found
[75.442s] -- Performing Test CMAKE_HAVE_LIBC_PTHREAD
[77.945s] -- Performing Test CMAKE_HAVE_LIBC_PTHREAD - Success
[77.966s] -- Found Threads: TRUE  
[80.304s] Error parsing '/home/mate/ros2_wkp/src/mypack/package.xml':
[82.007s] Traceback (most recent call last):
[82.007s]   File "/usr/lib/python3/dist-packages/catkin_pkg/package.py", line 610, in parse_package_string
[82.025s]     root = dom.parseString(data)
[82.025s]   File "/usr/lib/python3.10/xml/dom/minidom.py", line 2000, in parseString
[82.035s]     return expatbuilder.parseString(string)
[82.036s]   File "/usr/lib/python3.10/xml/dom/expatbuilder.py", line 925, in parseString
[82.058s]     return builder.parseString(string)
[82.058s]   File "/usr/lib/python3.10/xml/dom/expatbuilder.py", line 223, in parseString
[82.061s]     parser.Parse(string, True)
[82.061s] xml.parsers.expat.ExpatError: not well-formed (invalid token): line 1, column 22
[82.061s] 
[82.062s] During handling of the above exception, another exception occurred:
[82.062s] 
[82.062s] Traceback (most recent call last):
[82.062s]   File "/opt/ros/humble/share/ament_cmake_core/cmake/core/package_xml_2_cmake.py", line 150, in <module>
[82.062s]     main()
[82.071s]   File "/opt/ros/humble/share/ament_cmake_core/cmake/core/package_xml_2_cmake.py", line 53, in main
[82.072s]     raise e
[82.072s]   File "/opt/ros/humble/share/ament_cmake_core/cmake/core/package_xml_2_cmake.py", line 49, in main
[82.072s]     package = parse_package_string(
[82.072s]   File "/usr/lib/python3/dist-packages/catkin_pkg/package.py", line 612, in parse_package_string
[82.072s]     raise InvalidPackage('The manifest contains invalid XML:\n%s' % ex, filename)
[82.073s] catkin_pkg.package.InvalidPackage: Error(s) in package '/home/mate/ros2_wkp/src/mypack/package.xml':
[82.074s] The manifest contains invalid XML:
[82.074s] not well-formed (invalid token): line 1, column 22
[82.259s] [31mCMake Error at /opt/ros/humble/share/ament_cmake_core/cmake/core/ament_package_xml.cmake:95 (message):
[82.259s]   execute_process(/usr/bin/python3
[82.260s]   /opt/ros/humble/share/ament_cmake_core/cmake/core/package_xml_2_cmake.py
[82.260s]   /home/mate/ros2_wkp/src/mypack/package.xml
[82.261s]   /home/mate/ros2_wkp/build/minmax_finder/ament_cmake_core/package.cmake)
[82.261s]   returned error code 1
[82.261s] Call Stack (most recent call first):
[82.268s]   /opt/ros/humble/share/ament_cmake_core/cmake/core/ament_package_xml.cmake:49 (_ament_package_xml)
[82.269s]   /opt/ros/humble/share/ament_cmake_core/cmake/core/ament_package.cmake:63 (ament_package_xml)
[82.269s]   CMakeLists.txt:19 (ament_package)
[82.269s] 
[82.269s] [0m
[82.274s] -- Configuring incomplete, errors occurred!
[82.274s] See also "/home/mate/ros2_wkp/build/minmax_finder/CMakeFiles/CMakeOutput.log".
[103.706s] Invoked command in '/home/mate/ros2_wkp/build/minmax_finder' returned '1': /usr/bin/cmake /home/mate/ros2_wkp/src/mypack -DCMAKE_INSTALL_PREFIX=/home/mate/ros2_wkp/install/minmax_finder
